%!Adobe-FontList 1.11
%Locale:0x407

%BeginFont
Handler:DirectoryHandler
FontType:Invalid
OutlineFileName:Z:\michael_sismedia_einrichten\sismedia\modules\artists\pdf\Font\helvetical.php
FileModTime:1200415146
%EndFont

%BeginFont
Handler:DirectoryHandler
FontType:Invalid
OutlineFileName:Z:\michael_sismedia_einrichten\sismedia\modules\artists\pdf\Font\helveticali.php
FileModTime:1200415146
%EndFont

%BeginFont
Handler:DirectoryHandler
FontType:Invalid
OutlineFileName:Z:\michael_sismedia_einrichten\sismedia\modules\artists\pdf\Font\helveticali.z
FileModTime:1200415152
%EndFont

%BeginFont
Handler:DirectoryHandler
FontType:Invalid
OutlineFileName:Z:\michael_sismedia_einrichten\sismedia\modules\artists\pdf\Font\helvetical.z
FileModTime:1200415151
%EndFont

%BeginFont
Handler:DirectoryHandler
FontType:Invalid
OutlineFileName:Z:\michael_sismedia_einrichten\sismedia\modules\artists\pdf\Font\HLB_____.z
FileModTime:1200415153
%EndFont

%BeginFont
Handler:DirectoryHandler
FontType:Invalid
OutlineFileName:Z:\michael_sismedia_einrichten\sismedia\modules\artists\pdf\Font\zapfdingbats.php
FileModTime:1200415150
%EndFont

%BeginFont
Handler:DirectoryHandler
FontType:Invalid
OutlineFileName:Z:\michael_sismedia_einrichten\sismedia\modules\artists\pdf\Font\juliusc.z
FileModTime:1200415154
%EndFont

%BeginFont
Handler:DirectoryHandler
FontType:Invalid
OutlineFileName:Z:\michael_sismedia_einrichten\sismedia\modules\artists\pdf\Font\helveticab.php
FileModTime:1200415144
%EndFont

%BeginFont
Handler:DirectoryHandler
FontType:Invalid
OutlineFileName:Z:\michael_sismedia_einrichten\sismedia\modules\artists\pdf\Font\timesi.php
FileModTime:1200415149
%EndFont

%BeginFont
Handler:DirectoryHandler
FontType:Invalid
OutlineFileName:Z:\michael_sismedia_einrichten\sismedia\modules\artists\pdf\Font\timesbi.php
FileModTime:1200415149
%EndFont

%BeginFont
Handler:DirectoryHandler
FontType:Invalid
OutlineFileName:Z:\michael_sismedia_einrichten\sismedia\modules\artists\pdf\Font\symbol.php
FileModTime:1200415147
%EndFont

%BeginFont
Handler:DirectoryHandler
FontType:Invalid
OutlineFileName:Z:\michael_sismedia_einrichten\sismedia\modules\artists\pdf\Font\times.php
FileModTime:1200415148
%EndFont

%BeginFont
Handler:DirectoryHandler
FontType:Invalid
OutlineFileName:Z:\michael_sismedia_einrichten\sismedia\modules\artists\pdf\Font\helvetica.php
FileModTime:1200415143
%EndFont

%BeginFont
Handler:DirectoryHandler
FontType:Invalid
OutlineFileName:Z:\michael_sismedia_einrichten\sismedia\modules\artists\pdf\Font\helvetica_b.php
FileModTime:1200415144
%EndFont

%BeginFont
Handler:DirectoryHandler
FontType:Invalid
OutlineFileName:Z:\michael_sismedia_einrichten\sismedia\modules\artists\pdf\Font\helveticabi.php
FileModTime:1200415145
%EndFont

%BeginFont
Handler:DirectoryHandler
FontType:Invalid
OutlineFileName:Z:\michael_sismedia_einrichten\sismedia\modules\artists\pdf\Font\juliusc.php
FileModTime:1200415147
%EndFont

%BeginFont
Handler:DirectoryHandler
FontType:Invalid
OutlineFileName:Z:\michael_sismedia_einrichten\sismedia\modules\artists\pdf\Font\courier.php
FileModTime:1200415143
%EndFont

%BeginFont
Handler:DirectoryHandler
FontType:Invalid
OutlineFileName:Z:\michael_sismedia_einrichten\sismedia\modules\artists\pdf\Font\timesb.php
FileModTime:1200415148
%EndFont

%BeginFont
Handler:DirectoryHandler
FontType:Invalid
OutlineFileName:Z:\michael_sismedia_einrichten\sismedia\modules\artists\pdf\Font\helveticai.php
FileModTime:1200415145
%EndFont

%BeginFont
Handler:DirectoryHandler
FontType:Invalid
OutlineFileName:Z:\michael_sismedia_einrichten\sismedia\modules\artists\pdf\Font\makefont\cp1251.map
FileModTime:1200415157
%EndFont

%BeginFont
Handler:DirectoryHandler
FontType:Invalid
OutlineFileName:Z:\michael_sismedia_einrichten\sismedia\modules\artists\pdf\Font\makefont\cp1250.map
FileModTime:1200415157
%EndFont

%BeginFont
Handler:DirectoryHandler
FontType:Invalid
OutlineFileName:Z:\michael_sismedia_einrichten\sismedia\modules\artists\pdf\Font\makefont\iso-8859-9.map
FileModTime:1200415167
%EndFont

%BeginFont
Handler:DirectoryHandler
FontType:Invalid
OutlineFileName:Z:\michael_sismedia_einrichten\sismedia\modules\artists\pdf\Font\makefont\iso-8859-5.map
FileModTime:1200415166
%EndFont

%BeginFont
Handler:DirectoryHandler
FontType:Invalid
OutlineFileName:Z:\michael_sismedia_einrichten\sismedia\modules\artists\pdf\Font\makefont\cp1254.map
FileModTime:1200415159
%EndFont

%BeginFont
Handler:DirectoryHandler
FontType:Invalid
OutlineFileName:Z:\michael_sismedia_einrichten\sismedia\modules\artists\pdf\Font\makefont\koi8-u.map
FileModTime:1200415169
%EndFont

%BeginFont
Handler:DirectoryHandler
FontType:Invalid
OutlineFileName:Z:\michael_sismedia_einrichten\sismedia\modules\artists\pdf\Font\makefont\cp1258.map
FileModTime:1200415161
%EndFont

%BeginFont
Handler:DirectoryHandler
FontType:Invalid
OutlineFileName:Z:\michael_sismedia_einrichten\sismedia\modules\artists\pdf\Font\makefont\iso-8859-11.map
FileModTime:1200415163
%EndFont

%BeginFont
Handler:DirectoryHandler
FontType:Invalid
OutlineFileName:Z:\michael_sismedia_einrichten\sismedia\modules\artists\pdf\Font\makefont\iso-8859-1.map
FileModTime:1200415162
%EndFont

%BeginFont
Handler:DirectoryHandler
FontType:Invalid
OutlineFileName:Z:\michael_sismedia_einrichten\sismedia\modules\artists\pdf\Font\makefont\iso-8859-16.map
FileModTime:1200415164
%EndFont

%BeginFont
Handler:DirectoryHandler
FontType:Invalid
OutlineFileName:Z:\michael_sismedia_einrichten\sismedia\modules\artists\pdf\Font\makefont\iso-8859-4.map
FileModTime:1200415166
%EndFont

%BeginFont
Handler:DirectoryHandler
FontType:Invalid
OutlineFileName:Z:\michael_sismedia_einrichten\sismedia\modules\artists\pdf\Font\makefont\cp1253.map
FileModTime:1200415158
%EndFont

%BeginFont
Handler:DirectoryHandler
FontType:Invalid
OutlineFileName:Z:\michael_sismedia_einrichten\sismedia\modules\artists\pdf\Font\makefont\iso-8859-7.map
FileModTime:1200415167
%EndFont

%BeginFont
Handler:DirectoryHandler
FontType:Invalid
OutlineFileName:Z:\michael_sismedia_einrichten\sismedia\modules\artists\pdf\Font\makefont\makefont.php
FileModTime:1200415156
%EndFont

%BeginFont
Handler:DirectoryHandler
FontType:Invalid
OutlineFileName:Z:\michael_sismedia_einrichten\sismedia\modules\artists\pdf\Font\makefont\cp1257.map
FileModTime:1200415160
%EndFont

%BeginFont
Handler:DirectoryHandler
FontType:Invalid
OutlineFileName:Z:\michael_sismedia_einrichten\sismedia\modules\artists\pdf\Font\makefont\iso-8859-15.map
FileModTime:1200415163
%EndFont

%BeginFont
Handler:DirectoryHandler
FontType:Invalid
OutlineFileName:Z:\michael_sismedia_einrichten\sismedia\modules\artists\pdf\Font\makefont\iso-8859-2.map
FileModTime:1200415165
%EndFont

%BeginFont
Handler:DirectoryHandler
FontType:Invalid
OutlineFileName:Z:\michael_sismedia_einrichten\sismedia\modules\artists\pdf\Font\makefont\koi8-r.map
FileModTime:1200415168
%EndFont

%BeginFont
Handler:DirectoryHandler
FontType:Invalid
OutlineFileName:Z:\michael_sismedia_einrichten\sismedia\modules\artists\pdf\Font\makefont\cp1255.map
FileModTime:1200415159
%EndFont

%BeginFont
Handler:DirectoryHandler
FontType:Invalid
OutlineFileName:Z:\michael_sismedia_einrichten\sismedia\modules\artists\pdf\Font\makefont\cp1252.map
FileModTime:1200415158
%EndFont

%BeginFont
Handler:DirectoryHandler
FontType:Invalid
OutlineFileName:Z:\michael_sismedia_einrichten\sismedia\modules\artists\pdf\Font\makefont\cp874.map
FileModTime:1200415162
%EndFont

